---
source: gitfleet-providers/tests/github_extended.rs
expression: issue
---
{
  "body": "Something is wrong",
  "created_at": "2024-01-01T00:00:00Z",
  "html_url": "https://github.com/org/repo/issues/1",
  "id": 1,
  "labels": [
    {
      "color": "#ff0000",
      "name": "bug"
    }
  ],
  "number": 1,
  "state": "open",
  "title": "Bug found",
  "updated_at": "2024-01-02T00:00:00Z",
  "user": {
    "login": "octocat"
  }
}
